Archive member included to satisfy reference by file (symbol)

../../circle/lib/usb/libusb.a(dwhcidevice.o)
                              kernel.o (CDWHCIDevice::CDWHCIDevice(CInterruptSystem*, CTimer*))
../../circle/lib/usb/libusb.a(dwhciframeschednper.o)
                              ../../circle/lib/usb/libusb.a(dwhcidevice.o) (CDWHCIFrameSchedulerNonPeriodic::InitProtectedAllocator(unsigned int, unsigned int))
../../circle/lib/usb/libusb.a(dwhciframeschednsplit.o)
                              ../../circle/lib/usb/libusb.a(dwhcidevice.o) (CDWHCIFrameSchedulerNoSplit::InitProtectedAllocator(unsigned int, unsigned int))
../../circle/lib/usb/libusb.a(dwhciframeschedper.o)
                              ../../circle/lib/usb/libusb.a(dwhcidevice.o) (CDWHCIFrameSchedulerPeriodic::InitProtectedAllocator(unsigned int, unsigned int))
../../circle/lib/usb/libusb.a(dwhciregister.o)
                              ../../circle/lib/usb/libusb.a(dwhcidevice.o) (CDWHCIRegister::CDWHCIRegister(unsigned int))
../../circle/lib/usb/libusb.a(dwhcirootport.o)
                              ../../circle/lib/usb/libusb.a(dwhcidevice.o) (CDWHCIRootPort::~CDWHCIRootPort())
../../circle/lib/usb/libusb.a(dwhcixferstagedata.o)
                              ../../circle/lib/usb/libusb.a(dwhcidevice.o) (CDWHCITransferStageData::~CDWHCITransferStageData())
../../circle/lib/usb/libusb.a(usbdevice.o)
                              ../../circle/lib/usb/libusb.a(dwhcirootport.o) (CUSBDevice::CUSBDevice(CUSBHostController*, TUSBSpeed, CUSBHCIRootPort*))
../../circle/lib/usb/libusb.a(usbdevicefactory.o)
                              ../../circle/lib/usb/libusb.a(usbdevice.o) (CUSBDeviceFactory::GetDevice(CUSBFunction*, CString*))
../../circle/lib/usb/libusb.a(usbendpoint.o)
                              ../../circle/lib/usb/libusb.a(usbdevice.o) (CUSBEndpoint::CUSBEndpoint(CUSBDevice*))
../../circle/lib/usb/libusb.a(usbfunction.o)
                              ../../circle/lib/usb/libusb.a(usbdevice.o) (CUSBFunction::CUSBFunction(CUSBDevice*, CUSBConfigurationParser*))
../../circle/lib/usb/libusb.a(usbgamepadps3.o)
                              ../../circle/lib/usb/libusb.a(usbdevicefactory.o) (CUSBGamePadPS3Device::CUSBGamePadPS3Device(CUSBFunction*))
../../circle/lib/usb/libusb.a(usbgamepadps4.o)
                              ../../circle/lib/usb/libusb.a(usbdevicefactory.o) (CUSBGamePadPS4Device::CUSBGamePadPS4Device(CUSBFunction*))
../../circle/lib/usb/libusb.a(usbgamepadstandard.o)
                              ../../circle/lib/usb/libusb.a(usbgamepadps3.o) (CUSBGamePadStandardDevice::~CUSBGamePadStandardDevice())
../../circle/lib/usb/libusb.a(usbgamepadswitchpro.o)
                              ../../circle/lib/usb/libusb.a(usbdevicefactory.o) (CUSBGamePadSwitchProDevice::CUSBGamePadSwitchProDevice(CUSBFunction*))
../../circle/lib/usb/libusb.a(usbgamepadxbox360.o)
                              ../../circle/lib/usb/libusb.a(usbdevicefactory.o) (CUSBGamePadXbox360Device::CUSBGamePadXbox360Device(CUSBFunction*))
../../circle/lib/usb/libusb.a(usbgamepadxboxone.o)
                              ../../circle/lib/usb/libusb.a(usbdevicefactory.o) (CUSBGamePadXboxOneDevice::CUSBGamePadXboxOneDevice(CUSBFunction*))
../../circle/lib/usb/libusb.a(usbhiddevice.o)
                              ../../circle/lib/usb/libusb.a(usbgamepadps4.o) (CUSBHIDDevice::SendToEndpointOut(void const*, unsigned int, unsigned int))
../../circle/lib/usb/libusb.a(usbhostcontroller.o)
                              ../../circle/lib/usb/libusb.a(dwhcidevice.o) (CUSBHostController::CUSBHostController())
../../circle/lib/usb/libusb.a(usbkeyboard.o)
                              ../../circle/lib/usb/libusb.a(usbdevicefactory.o) (CUSBKeyboardDevice::CUSBKeyboardDevice(CUSBFunction*))
../../circle/lib/usb/libusb.a(usbmassdevice.o)
                              ../../circle/lib/usb/libusb.a(usbdevicefactory.o) (CUSBBulkOnlyMassStorageDevice::CUSBBulkOnlyMassStorageDevice(CUSBFunction*))
../../circle/lib/usb/libusb.a(usbmidi.o)
                              ../../circle/lib/usb/libusb.a(usbdevicefactory.o) (CUSBMIDIDevice::CUSBMIDIDevice(CUSBFunction*))
../../circle/lib/usb/libusb.a(usbmouse.o)
                              ../../circle/lib/usb/libusb.a(usbdevicefactory.o) (CUSBMouseDevice::CUSBMouseDevice(CUSBFunction*))
../../circle/lib/usb/libusb.a(usbprinter.o)
                              ../../circle/lib/usb/libusb.a(usbdevicefactory.o) (CUSBPrinterDevice::CUSBPrinterDevice(CUSBFunction*))
../../circle/lib/usb/libusb.a(usbrequest.o)
                              ../../circle/lib/usb/libusb.a(usbhiddevice.o) (CUSBRequest::CUSBRequest(CUSBEndpoint*, void*, unsigned int, TSetupData*))
../../circle/lib/usb/libusb.a(usbstandardhub.o)
                              ../../circle/lib/usb/libusb.a(usbdevicefactory.o) (CUSBStandardHub::CUSBStandardHub(CUSBFunction*))
../../circle/lib/usb/libusb.a(lan7800.o)
[...]
Memory Configuration

Name             Origin             Length             Attributes
*default*        0x00000000         0xffffffff

Linker script and memory map

Address of section .init set to 0x8000

.init           0x00008000       0x70
 *(.init)
 .init          0x00008000       0x70 ../../circle/lib/libcircle.a(startup.o)
                0x00008000                _start
                0x00008064                _start_secondary

.text           0x00008070    0x27b00
 *(.text*)
 .text          0x00008070        0x0 main.o
 .text.startup  0x00008070       0x48 main.o
                0x00008070                main
 .text          0x000080b8      0x3b4 kernel.o
                0x000080b8                CKernel::CKernel()
                0x000080b8                CKernel::CKernel()
                0x000081c8                CKernel::~CKernel()
                0x000081c8                CKernel::~CKernel()
                0x00008258                CKernel::Initialize()
                0x00008324                CKernel::Run()
 .text          0x0000846c      0x3e0 httpbootserver.o
                0x0000846c                CHTTPBootServer::CHTTPBootServer(CNetSubSystem*, unsigned short, unsigned int, CSocket*)
                0x0000846c                CHTTPBootServer::CHTTPBootServer(CNetSubSystem*, unsigned short, unsigned int, CSocket*)
                0x000084bc                CHTTPBootServer::~CHTTPBootServer()
                0x000084bc                CHTTPBootServer::~CHTTPBootServer()
                0x000084dc                CHTTPBootServer::~CHTTPBootServer()
                0x00008508                CHTTPBootServer::CreateWorker(CNetSubSystem*, CSocket*)
                0x00008574                CHTTPBootServer::GetContent(char const*, char const*, char const*, unsigned char*, unsigned int*, char const**)
 .text          0x0000884c      0x2d8 tftpbootserver.o
                0x0000884c                CTFTPBootServer::FileOpen(char const*)
                0x00008854                CTFTPBootServer::FileRead(void*, unsigned int)
                0x0000885c                CTFTPBootServer::~CTFTPBootServer()
                0x0000885c                CTFTPBootServer::~CTFTPBootServer()
                0x000088bc                CTFTPBootServer::~CTFTPBootServer()
                0x000088dc                CTFTPBootServer::FileCreate(char const*)
                0x000089e0                CTFTPBootServer::FileClose()
                0x00008a5c                CTFTPBootServer::FileWrite(void const*, unsigned int)
                0x00008af0                CTFTPBootServer::CTFTPBootServer(CNetSubSystem*, unsigned int)
                0x00008af0                CTFTPBootServer::CTFTPBootServer(CNetSubSystem*, unsigned int)
 .text          0x00008b24     0x2664 ../../circle/lib/usb/libusb.a(dwhcidevice.o)
                0x00008b24                CDWHCIDevice::CompletionRoutine(CUSBRequest*, void*, void*)
                0x00008bd0                CDWHCIDevice::CDWHCIDevice(CInterruptSystem*, CTimer*)
                0x00008bd0                CDWHCIDevice::CDWHCIDevice(CInterruptSystem*, CTimer*)
                0x00008cb0                CDWHCIDevice::GetPortSpeed()
                0x00008d00                CDWHCIDevice::OvercurrentDetected()
                0x00008d38                CDWHCIDevice::DisableRootPort(bool)
                0x00008da0                CDWHCIDevice::PowerOn()
                0x00008e0c                CDWHCIDevice::EnableGlobalInterrupts()
                0x00008e50                CDWHCIDevice::EnableCommonInterrupts()
                0x00008e88                CDWHCIDevice::EnableHostInterrupts()
                0x00008ee4                CDWHCIDevice::EnableChannelInterrupt(unsigned int)
                0x00008f58                CDWHCIDevice::DisableChannelInterrupt(unsigned int)
                0x00008fcc                CDWHCIDevice::StartChannel(CDWHCITransferStageData*)
                0x00009398                CDWHCIDevice::StartTransaction(CDWHCITransferStageData*)
                0x000094a8                CDWHCIDevice::TimerHandler(CDWHCITransferStageData*)
                0x0000955c                CDWHCIDevice::TimerStub(unsigned int, void*, void*)
                0x000095a8                CDWHCIDevice::AllocateChannel()
                0x00009670                CDWHCIDevice::FreeChannel(unsigned int)
                0x000096fc                CDWHCIDevice::TransferStageAsync(CUSBRequest*, bool, bool, unsigned int)
                0x00009858                CDWHCIDevice::SubmitAsyncRequest(CUSBRequest*, unsigned int)
                0x00009e80                CDWHCIDevice::ChannelInterruptHandler(unsigned int)
                0x00009e90                CDWHCIDevice::InterruptHandler()
                0x00009f8c                CDWHCIDevice::InterruptStub(void*)
                0x00009fb4                CDWHCIDevice::AllocateWaitBlock()
                0x0000a02c                CDWHCIDevice::FreeWaitBlock(unsigned int)
                0x0000a0b4                CDWHCIDevice::TransferStage(CUSBRequest*, bool, bool, unsigned int)
                0x0000a1c8                CDWHCIDevice::SubmitBlockingRequest(CUSBRequest*, unsigned int)
                0x0000a44c                CDWHCIDevice::WaitForBit(CDWHCIRegister*, unsigned int, bool, unsigned int)
                0x0000a528                CDWHCIDevice::EnableRootPort()
                0x0000a600                CDWHCIDevice::Reset()
                0x0000a6a0                CDWHCIDevice::InitCore()
                0x0000a8e0                CDWHCIDevice::FlushTxFIFO(unsigned int)
                0x0000a97c                CDWHCIDevice::FlushRxFIFO()
                0x0000a9fc                CDWHCIDevice::InitHost()
                0x0000abf8                CDWHCIDevice::DumpRegister(char const*, unsigned int)
                0x0000ac54                CDWHCIDevice::DumpStatus(unsigned int)
                0x0000adfc                CDWHCIDevice::~CDWHCIDevice()
                0x0000adfc                CDWHCIDevice::~CDWHCIDevice()
                0x0000aee4                CDWHCIDevice::~CDWHCIDevice()
                0x0000af04                CDWHCIDevice::ReScanDevices()
                0x0000af78                CDWHCIDevice::Initialize()
 .text          0x0000b188      0x39c ../../circle/lib/usb/libusb.a(dwhciframeschednper.o)
                0x0000b188                CDWHCIFrameSchedulerNonPeriodic::~CDWHCIFrameSchedulerNonPeriodic()
                0x0000b188                CDWHCIFrameSchedulerNonPeriodic::~CDWHCIFrameSchedulerNonPeriodic()
                0x0000b18c                CDWHCIFrameSchedulerNonPeriodic::StartSplit()
                0x0000b198                CDWHCIFrameSchedulerNonPeriodic::WaitForFrame()
                0x0000b19c                CDWHCIFrameSchedulerNonPeriodic::IsOddFrame() const
                0x0000b1a4                CDWHCIFrameSchedulerNonPeriodic::CompleteSplit()
                0x0000b224                CDWHCIFrameSchedulerNonPeriodic::TransactionComplete(unsigned int)
                0x0000b33c                CDWHCIFrameSchedulerNonPeriodic::CDWHCIFrameSchedulerNonPeriodic()
                0x0000b33c                CDWHCIFrameSchedulerNonPeriodic::CDWHCIFrameSchedulerNonPeriodic()
                0x0000b388                CDWHCIFrameSchedulerNonPeriodic::operator new(unsigned int)
                0x0000b3e0                CDWHCIFrameSchedulerNonPeriodic::operator delete(void*, unsigned int)
                0x0000b440                CDWHCIFrameSchedulerNonPeriodic::~CDWHCIFrameSchedulerNonPeriodic()
                0x0000b458                CDWHCIFrameSchedulerNonPeriodic::InitAllocator(unsigned int)
                0x0000b4b4                CDWHCIFrameSchedulerNonPeriodic::InitProtectedAllocator(unsigned int, unsigned int)
 .text          0x0000b524      0x280 ../../circle/lib/usb/libusb.a(dwhciframeschednsplit.o)
                0x0000b524                CDWHCIFrameSchedulerNoSplit::~CDWHCIFrameSchedulerNoSplit()
                0x0000b524                CDWHCIFrameSchedulerNoSplit::~CDWHCIFrameSchedulerNoSplit()
                0x0000b528                CDWHCIFrameSchedulerNoSplit::IsOddFrame() const
                0x0000b534                CDWHCIFrameSchedulerNoSplit::StartSplit()
                0x0000b550                CDWHCIFrameSchedulerNoSplit::CompleteSplit()
                0x0000b56c                CDWHCIFrameSchedulerNoSplit::TransactionComplete(unsigned int)
                0x0000b588                CDWHCIFrameSchedulerNoSplit::WaitForFrame()
                0x0000b5ec                CDWHCIFrameSchedulerNoSplit::CDWHCIFrameSchedulerNoSplit(bool)
                0x0000b5ec                CDWHCIFrameSchedulerNoSplit::CDWHCIFrameSchedulerNoSplit(bool)
                0x0000b608                CDWHCIFrameSchedulerNoSplit::operator new(unsigned int)
                0x0000b660                CDWHCIFrameSchedulerNoSplit::operator delete(void*, unsigned int)
                0x0000b6c0                CDWHCIFrameSchedulerNoSplit::~CDWHCIFrameSchedulerNoSplit()
                0x0000b6d8                CDWHCIFrameSchedulerNoSplit::InitAllocator(unsigned int)
                0x0000b734                CDWHCIFrameSchedulerNoSplit::InitProtectedAllocator(unsigned int, unsigned int)
 .text          0x0000b7a4      0x470 ../../circle/lib/usb/libusb.a(dwhciframeschedper.o)
                0x0000b7a4                CDWHCIFrameSchedulerPeriodic::~CDWHCIFrameSchedulerPeriodic()
                0x0000b7a4                CDWHCIFrameSchedulerPeriodic::~CDWHCIFrameSchedulerPeriodic()
                0x0000b7a8                CDWHCIFrameSchedulerPeriodic::StartSplit()
                0x0000b7bc                CDWHCIFrameSchedulerPeriodic::IsOddFrame() const
                0x0000b7c8                CDWHCIFrameSchedulerPeriodic::WaitForFrame()
                0x0000b83c                CDWHCIFrameSchedulerPeriodic::CompleteSplit()
                0x0000b914                CDWHCIFrameSchedulerPeriodic::TransactionComplete(unsigned int)
                0x0000ba24                CDWHCIFrameSchedulerPeriodic::CDWHCIFrameSchedulerPeriodic()
                0x0000ba24                CDWHCIFrameSchedulerPeriodic::CDWHCIFrameSchedulerPeriodic()
                0x0000ba78                CDWHCIFrameSchedulerPeriodic::operator new(unsigned int)
                0x0000bad0                CDWHCIFrameSchedulerPeriodic::operator delete(void*, unsigned int)
                0x0000bb30                CDWHCIFrameSchedulerPeriodic::~CDWHCIFrameSchedulerPeriodic()
                0x0000bb48                CDWHCIFrameSchedulerPeriodic::InitAllocator(unsigned int)
                0x0000bba4                CDWHCIFrameSchedulerPeriodic::InitProtectedAllocator(unsigned int, unsigned int)
 .text          0x0000bc14      0x2c4 ../../circle/lib/usb/libusb.a(dwhciregister.o)
                0x0000bc14                CDWHCIRegister::CDWHCIRegister(unsigned int)
                0x0000bc14                CDWHCIRegister::CDWHCIRegister(unsigned int)
                0x0000bc24                CDWHCIRegister::CDWHCIRegister(unsigned int, unsigned int)
                0x0000bc24                CDWHCIRegister::CDWHCIRegister(unsigned int, unsigned int)
                0x0000bc34                CDWHCIRegister::~CDWHCIRegister()
                0x0000bc34                CDWHCIRegister::~CDWHCIRegister()
                0x0000bc38                CDWHCIRegister::Read()
                0x0000bc54                CDWHCIRegister::Write()
                0x0000bc8c                CDWHCIRegister::Get() const
                0x0000bcbc                CDWHCIRegister::Set(unsigned int)
                0x0000bccc                CDWHCIRegister::IsSet(unsigned int) const
                0x0000bd08                CDWHCIRegister::And(unsigned int)
                0x0000bd40                CDWHCIRegister::Or(unsigned int)
                0x0000bd78                CDWHCIRegister::ClearBit(unsigned int)
                0x0000bdd4                CDWHCIRegister::SetBit(unsigned int)
                0x0000be30                CDWHCIRegister::ClearAll()
                0x0000be44                CDWHCIRegister::SetAll()
                0x0000be58                CDWHCIRegister::Dump() const
 .text          0x0000bed8      0x2cc ../../circle/lib/usb/libusb.a(dwhcirootport.o)
                0x0000bed8                CDWHCIRootPort::~CDWHCIRootPort()
                0x0000bed8                CDWHCIRootPort::~CDWHCIRootPort()
                0x0000bf0c                CDWHCIRootPort::~CDWHCIRootPort()
                0x0000bf4c                CDWHCIRootPort::RemoveDevice()
                0x0000bfa8                CDWHCIRootPort::ReScanDevices()
                0x0000bfe8                CDWHCIRootPort::CDWHCIRootPort(CDWHCIDevice*)
                0x0000bfe8                CDWHCIRootPort::CDWHCIRootPort(CDWHCIDevice*)
                0x0000c024                CDWHCIRootPort::Initialize()
 .text          0x0000c1a4      0xa78 ../../circle/lib/usb/libusb.a(dwhcixferstagedata.o)
                0x0000c1a4                CDWHCITransferStageData::~CDWHCITransferStageData()
                0x0000c1a4                CDWHCITransferStageData::~CDWHCITransferStageData()
                0x0000c1e8                CDWHCITransferStageData::SetChannelNumber(unsigned int)
                0x0000c1f0                CDWHCITransferStageData::TransactionComplete(unsigned int, unsigned int, unsigned int)
                0x0000c37c                CDWHCITransferStageData::SetSplitComplete(bool)
                0x0000c3ac                CDWHCITransferStageData::SetState(unsigned int)
                0x0000c3b4                CDWHCITransferStageData::GetState() const
                0x0000c3bc                CDWHCITransferStageData::SetSubState(unsigned int)
                0x0000c3c4                CDWHCITransferStageData::GetSubState() const
                0x0000c3cc                CDWHCITransferStageData::BeginSplitCycle()
                0x0000c3d4                CDWHCITransferStageData::GetChannelNumber() const
                0x0000c3dc                CDWHCITransferStageData::IsPeriodic() const
                0x0000c420                CDWHCITransferStageData::CDWHCITransferStageData(unsigned int, CUSBRequest*, bool, bool, unsigned int)
                0x0000c420                CDWHCITransferStageData::CDWHCITransferStageData(unsigned int, CUSBRequest*, bool, bool, unsigned int)
                0x0000c738                CDWHCITransferStageData::GetDeviceAddress() const
                0x0000c764                CDWHCITransferStageData::GetEndpointType() const
                0x0000c7d4                CDWHCITransferStageData::GetEndpointNumber() const
                0x0000c800                CDWHCITransferStageData::GetMaxPacketSize() const
                0x0000c808                CDWHCITransferStageData::GetSpeed() const
                0x0000c810                CDWHCITransferStageData::GetPID() const
                0x0000c880                CDWHCITransferStageData::IsDirectionIn() const
                0x0000c888                CDWHCITransferStageData::IsStatusStage() const
                0x0000c890                CDWHCITransferStageData::GetDMAAddress() const
                0x0000c8b8                CDWHCITransferStageData::GetBytesToTransfer() const
                0x0000c8c0                CDWHCITransferStageData::GetPacketsToTransfer() const
                0x0000c8c8                CDWHCITransferStageData::IsSplit() const
                0x0000c8d0                CDWHCITransferStageData::IsSplitComplete() const
                0x0000c900                CDWHCITransferStageData::GetHubAddress() const
                0x0000c954                CDWHCITransferStageData::GetHubPortAddress() const
                0x0000c9a8                CDWHCITransferStageData::GetSplitPosition() const
                0x0000c9b0                CDWHCITransferStageData::GetStatusMask() const
                0x0000c9dc                CDWHCITransferStageData::GetTransactionStatus() const
                0x0000ca04                CDWHCITransferStageData::IsStageComplete() const
                0x0000ca14                CDWHCITransferStageData::GetResultLen() const
                0x0000ca28                CDWHCITransferStageData::IsTimeout() const
                0x0000ca68                CDWHCITransferStageData::GetURB() const
                0x0000ca90                CDWHCITransferStageData::GetFrameScheduler() const
                0x0000ca98                CDWHCITransferStageData::operator new(unsigned int)
                0x0000caf0                CDWHCITransferStageData::operator delete(void*, unsigned int)
                0x0000cb50                CDWHCITransferStageData::InitAllocator(unsigned int)
                0x0000cbac                CDWHCITransferStageData::InitProtectedAllocator(unsigned int, unsigned int)
 .text          0x0000cc1c     0x108c ../../circle/lib/usb/libusb.a(usbdevice.o)
                0x0000cc1c                CUSBDevice::~CUSBDevice()
                0x0000cc1c                CUSBDevice::~CUSBDevice()
                0x0000cd58                CUSBDevice::~CUSBDevice()
                0x0000cd78                CUSBDevice::CUSBDevice(CUSBHostController*, TUSBSpeed, CUSBHCIRootPort*)
                0x0000cd78                CUSBDevice::CUSBDevice(CUSBHostController*, TUSBSpeed, CUSBHCIRootPort*)
                0x0000ce38                CUSBDevice::CUSBDevice(CUSBHostController*, TUSBSpeed, CUSBStandardHub*, unsigned int)
                0x0000ce38                CUSBDevice::CUSBDevice(CUSBHostController*, TUSBSpeed, CUSBStandardHub*, unsigned int)
                0x0000cfa4                CUSBDevice::ReScanDevices()
                0x0000cfe4                CUSBDevice::RemoveDevice()
                0x0000d034                CUSBDevice::GetName(TDeviceNameSelector) const
                0x0000d140                CUSBDevice::GetNames() const
                0x0000d228                CUSBDevice::SetAddress(unsigned char)
                0x0000d254                CUSBDevice::GetAddress() const
                0x0000d25c                CUSBDevice::GetSpeed() const
                0x0000d264                CUSBDevice::IsSplit() const
                0x0000d26c                CUSBDevice::GetHubAddress() const
                0x0000d274                CUSBDevice::GetHubPortNumber() const
                0x0000d27c                CUSBDevice::GetTTHubDevice() const
                0x0000d284                CUSBDevice::GetEndpoint0() const
                0x0000d2ac                CUSBDevice::GetHost() const
                0x0000d2d4                CUSBDevice::GetDeviceDescriptor() const
                0x0000d2fc                CUSBDevice::GetConfigurationDescriptor() const
                0x0000d324                CUSBDevice::GetDescriptor(unsigned char)
                0x0000d350                CUSBDevice::ConfigurationError(char const*) const
                0x0000d37c                CUSBDevice::LogWrite(TLogSeverity, char const*, ...)
                0x0000d42c                CUSBDevice::Initialize()
                0x0000dbb8                CUSBDevice::Configure()
 .text          0x0000dca8      0x468 ../../circle/lib/usb/libusb.a(usbdevicefactory.o)
                0x0000dca8                CUSBDeviceFactory::GetDevice(CUSBFunction*, CString*)
 .text          0x0000e110      0x380 ../../circle/lib/usb/libusb.a(usbendpoint.o)
                0x0000e110                CUSBEndpoint::CUSBEndpoint(CUSBDevice*)
                0x0000e110                CUSBEndpoint::CUSBEndpoint(CUSBDevice*)
                0x0000e15c                CUSBEndpoint::CUSBEndpoint(CUSBDevice*, TUSBEndpointDescriptor const*)
                0x0000e15c                CUSBEndpoint::CUSBEndpoint(CUSBDevice*, TUSBEndpointDescriptor const*)
                0x0000e2ec                CUSBEndpoint::~CUSBEndpoint()
                0x0000e2ec                CUSBEndpoint::~CUSBEndpoint()
                0x0000e2f0                CUSBEndpoint::GetDevice() const
                0x0000e318                CUSBEndpoint::GetNumber() const
                0x0000e320                CUSBEndpoint::GetType() const
                0x0000e328                CUSBEndpoint::IsDirectionIn() const
                0x0000e330                CUSBEndpoint::SetMaxPacketSize(unsigned int)
                0x0000e33c                CUSBEndpoint::GetMaxPacketSize() const
                0x0000e344                CUSBEndpoint::GetInterval() const
                0x0000e374                CUSBEndpoint::GetNextPID(bool)
                0x0000e3b4                CUSBEndpoint::SkipPID(unsigned int, bool)
                0x0000e460                CUSBEndpoint::ResetPID()
 .text          0x0000e490      0x684 ../../circle/lib/usb/libusb.a(usbfunction.o)
                0x0000e490                CUSBFunction::Initialize()
                0x0000e498                CUSBFunction::ReScanDevices()
                0x0000e4a0                CUSBFunction::~CUSBFunction()
                0x0000e4a0                CUSBFunction::~CUSBFunction()
                0x0000e4f8                CUSBFunction::~CUSBFunction()
                0x0000e518                CUSBFunction::RemoveDevice()
                0x0000e544                CUSBFunction::Configure()
                0x0000e640                CUSBFunction::CUSBFunction(CUSBDevice*, CUSBConfigurationParser*)
                0x0000e640                CUSBFunction::CUSBFunction(CUSBDevice*, CUSBConfigurationParser*)
                0x0000e6fc                CUSBFunction::CUSBFunction(CUSBFunction*)
                0x0000e6fc                CUSBFunction::CUSBFunction(CUSBFunction*)
                0x0000e7dc                CUSBFunction::GetInterfaceName() const
                0x0000e854                CUSBFunction::GetNumEndpoints() const
                0x0000e884                CUSBFunction::GetDevice() const
                0x0000e8ac                CUSBFunction::GetEndpoint0() const
                0x0000e8d8                CUSBFunction::GetHost() const
                0x0000e904                CUSBFunction::GetDescriptor(unsigned char)
                0x0000e930                CUSBFunction::ConfigurationError(char const*) const
                0x0000e980                CUSBFunction::SelectInterfaceByClass(unsigned char, unsigned char, unsigned char)
                0x0000ea54                CUSBFunction::GetInterfaceNumber() const
                0x0000ea84                CUSBFunction::GetInterfaceClass() const
                0x0000eab4                CUSBFunction::GetInterfaceSubClass() const
                0x0000eae4                CUSBFunction::GetInterfaceProtocol() const
 .text          0x0000eb14      0x51c ../../circle/lib/usb/libusb.a(usbgamepadps3.o)
                0x0000eb14                CUSBGamePadPS3Device::~CUSBGamePadPS3Device()
                0x0000eb14                CUSBGamePadPS3Device::~CUSBGamePadPS3Device()
                0x0000eb34                CUSBGamePadPS3Device::~CUSBGamePadPS3Device()
                0x0000eb60                CUSBGamePadPS3Device::SetRumbleMode(TGamePadRumbleMode)
                0x0000ec60                CUSBGamePadPS3Device::SetLEDMode(TGamePadLEDMode)
                0x0000ecf4                CUSBGamePadPS3Device::CUSBGamePadPS3Device(CUSBFunction*)
                0x0000ecf4                CUSBGamePadPS3Device::CUSBGamePadPS3Device(CUSBFunction*)
                0x0000ed44                CUSBGamePadPS3Device::PS3Enable()
                0x0000edd0                CUSBGamePadPS3Device::Configure()
                0x0000eeec                CUSBGamePadPS3Device::DecodeReport(unsigned char const*)
 .text._ZN17CUSBGamePadDevice10SetLEDModeEjhh
                0x0000f030        0x8 ../../circle/lib/usb/libusb.a(usbgamepadps3.o)
                0x0000f030                CUSBGamePadDevice::SetLEDMode(unsigned int, unsigned char, unsigned char)
 .text._ZN20CUSBGamePadPS3Device13GetPropertiesEv
                0x0000f038        0x8 ../../circle/lib/usb/libusb.a(usbgamepadps3.o)
                0x0000f038                CUSBGamePadPS3Device::GetProperties()
 .text          0x0000f040      0x7e0 ../../circle/lib/usb/libusb.a(usbgamepadps4.o)
                0x0000f040                CUSBGamePadPS4Device::DecodeReport(unsigned char const*)
                0x0000f1dc                CUSBGamePadPS4Device::~CUSBGamePadPS4Device()
                0x0000f1dc                CUSBGamePadPS4Device::~CUSBGamePadPS4Device()
                0x0000f228                CUSBGamePadPS4Device::~CUSBGamePadPS4Device()
                0x0000f248                CUSBGamePadPS4Device::CUSBGamePadPS4Device(CUSBFunction*)
                0x0000f248                CUSBGamePadPS4Device::CUSBGamePadPS4Device(CUSBFunction*)
                0x0000f294                CUSBGamePadPS4Device::HandleTouchpad(unsigned char const*)
                0x0000f42c                CUSBGamePadPS4Device::ReportHandler(unsigned char const*, unsigned int)
                0x0000f498                CUSBGamePadPS4Device::SendLedRumbleCommand()
                0x0000f538                CUSBGamePadPS4Device::SetLEDMode(TGamePadLEDMode)
                0x0000f618                CUSBGamePadPS4Device::SetLEDMode(unsigned int, unsigned char, unsigned char)
                0x0000f640                CUSBGamePadPS4Device::SetRumbleMode(TGamePadRumbleMode)
                0x0000f6ac                CUSBGamePadPS4Device::DisableTouchpad()
                0x0000f6c0                CUSBGamePadPS4Device::Configure()
 .text._ZN20CUSBGamePadPS4Device13GetPropertiesEv
                0x0000f820        0x8 ../../circle/lib/usb/libusb.a(usbgamepadps4.o)
                0x0000f820                CUSBGamePadPS4Device::GetProperties()
 .text          0x0000f828      0x780 ../../circle/lib/usb/libusb.a(usbgamepadstandard.o)
                0x0000f828                CUSBGamePadStandardDevice::~CUSBGamePadStandardDevice()
                0x0000f828                CUSBGamePadStandardDevice::~CUSBGamePadStandardDevice()
                0x0000f864                CUSBGamePadStandardDevice::~CUSBGamePadStandardDevice()
                0x0000f884                CUSBGamePadStandardDevice::CUSBGamePadStandardDevice(CUSBFunction*, bool)
                0x0000f884                CUSBGamePadStandardDevice::CUSBGamePadStandardDevice(CUSBFunction*, bool)
                0x0000f8bc                CUSBGamePadStandardDevice::BitGetUnsigned(void const*, unsigned int, unsigned int)
                0x0000f9ac                CUSBGamePadStandardDevice::BitGetSigned(void const*, unsigned int, unsigned int)
                0x0000f9d4                CUSBGamePadStandardDevice::DecodeReport(unsigned char const*)
                0x0000fe04                CUSBGamePadStandardDevice::Configure()
 .text._ZN17CUSBGamePadDevice13GetPropertiesEv
                0x0000ffa8        0x8 ../../circle/lib/usb/libusb.a(usbgamepadstandard.o)
                0x0000ffa8                CUSBGamePadDevice::GetProperties()
 .text._ZN17CUSBGamePadDevice10SetLEDModeE15TGamePadLEDMode
                0x0000ffb0        0x8 ../../circle/lib/usb/libusb.a(usbgamepadstandard.o)
                0x0000ffb0                CUSBGamePadDevice::SetLEDMode(TGamePadLEDMode)
 .text._ZN17CUSBGamePadDevice13SetRumbleModeE18TGamePadRumbleMode
                0x0000ffb8        0x8 ../../circle/lib/usb/libusb.a(usbgamepadstandard.o)
                0x0000ffb8                CUSBGamePadDevice::SetRumbleMode(TGamePadRumbleMode)
 .text          0x0000ffc0      0x6b4 ../../circle/lib/usb/libusb.a(usbgamepadswitchpro.o)
                0x0000ffc0                CUSBGamePadSwitchProDevice::~CUSBGamePadSwitchProDevice()
                0x0000ffc0                CUSBGamePadSwitchProDevice::~CUSBGamePadSwitchProDevice()
                0x0000ffe0                CUSBGamePadSwitchProDevice::~CUSBGamePadSwitchProDevice()
                0x0001000c                CUSBGamePadSwitchProDevice::DecodeReport(unsigned char const*)
                0x000101f0                CUSBGamePadSwitchProDevice::SetLEDMode(TGamePadLEDMode)
                0x0001026c                CUSBGamePadSwitchProDevice::SetRumbleMode(TGamePadRumbleMode)
                0x0001034c                CUSBGamePadSwitchProDevice::CUSBGamePadSwitchProDevice(CUSBFunction*)
                0x0001034c                CUSBGamePadSwitchProDevice::CUSBGamePadSwitchProDevice(CUSBFunction*)
                0x0001038c                CUSBGamePadSwitchProDevice::Configure()
 .text._ZN26CUSBGamePadSwitchProDevice13GetPropertiesEv
                0x00010674        0x8 ../../circle/lib/usb/libusb.a(usbgamepadswitchpro.o)
                0x00010674                CUSBGamePadSwitchProDevice::GetProperties()
 .text          0x0001067c      0x37c ../../circle/lib/usb/libusb.a(usbgamepadxbox360.o)
                0x0001067c                CUSBGamePadXbox360Device::~CUSBGamePadXbox360Device()
                0x0001067c                CUSBGamePadXbox360Device::~CUSBGamePadXbox360Device()
                0x0001069c                CUSBGamePadXbox360Device::~CUSBGamePadXbox360Device()
                0x000106c8                CUSBGamePadXbox360Device::ReportHandler(unsigned char const*, unsigned int)
                0x00010738                CUSBGamePadXbox360Device::DecodeReport(unsigned char const*)
                0x00010848                CUSBGamePadXbox360Device::SetLEDMode(TGamePadLEDMode)
                0x00010894                CUSBGamePadXbox360Device::SetRumbleMode(TGamePadRumbleMode)
                0x00010918                CUSBGamePadXbox360Device::CUSBGamePadXbox360Device(CUSBFunction*)
                0x00010918                CUSBGamePadXbox360Device::CUSBGamePadXbox360Device(CUSBFunction*)
                0x00010938                CUSBGamePadXbox360Device::Configure()
 .text._ZN24CUSBGamePadXbox360Device13GetPropertiesEv
                0x000109f8        0x8 ../../circle/lib/usb/libusb.a(usbgamepadxbox360.o)
                0x000109f8                CUSBGamePadXbox360Device::GetProperties()
 .text          0x00010a00      0x464 ../../circle/lib/usb/libusb.a(usbgamepadxboxone.o)
                0x00010a00                CUSBGamePadXboxOneDevice::DecodeReport(unsigned char const*)
                0x00010b70                CUSBGamePadXboxOneDevice::~CUSBGamePadXboxOneDevice()
                0x00010b70                CUSBGamePadXboxOneDevice::~CUSBGamePadXboxOneDevice()
                0x00010b90                CUSBGamePadXboxOneDevice::~CUSBGamePadXboxOneDevice()
                0x00010bbc                CUSBGamePadXboxOneDevice::ReportHandler(unsigned char const*, unsigned int)
                0x00010ca4                CUSBGamePadXboxOneDevice::SetRumbleMode(TGamePadRumbleMode)
                0x00010d38                CUSBGamePadXboxOneDevice::CUSBGamePadXboxOneDevice(CUSBFunction*)
                0x00010d38                CUSBGamePadXboxOneDevice::CUSBGamePadXboxOneDevice(CUSBFunction*)
                0x00010d60                CUSBGamePadXboxOneDevice::Configure()
 .text._ZN24CUSBGamePadXboxOneDevice13GetPropertiesEv
                0x00010e64        0x8 ../../circle/lib/usb/libusb.a(usbgamepadxboxone.o)
                0x00010e64                CUSBGamePadXboxOneDevice::GetProperties()
 .text          0x00010e6c      0x854 ../../circle/lib/usb/libusb.a(usbhiddevice.o)
                0x00010e6c                CUSBHIDDevice::SendCompletionRoutine(CUSBRequest*, void*, void*)
                0x00010f00                CUSBHIDDevice::CUSBHIDDevice(CUSBFunction*, unsigned int)
                0x00010f00                CUSBHIDDevice::CUSBHIDDevice(CUSBFunction*, unsigned int)
                0x00010f50                CUSBHIDDevice::~CUSBHIDDevice()
                0x00010f50                CUSBHIDDevice::~CUSBHIDDevice()
                0x00010fdc                CUSBHIDDevice::~CUSBHIDDevice()
                0x00010ffc                CUSBHIDDevice::Configure(unsigned int)
                0x00011270                CUSBHIDDevice::SendToEndpointOut(void const*, unsigned int, unsigned int)
                0x00011304                CUSBHIDDevice::SendToEndpointOutAsync(void const*, unsigned int, unsigned int)
                0x000113e8                CUSBHIDDevice::ReceiveFromEndpointIn(void*, unsigned int, unsigned int)
                0x000114a8                CUSBHIDDevice::StartRequest()
                0x000115a4                CUSBHIDDevice::CompletionRoutine(CUSBRequest*)
                0x00011690                CUSBHIDDevice::CompletionStub(CUSBRequest*, void*, void*)
 .text          0x000116c0      0x210 ../../circle/lib/usb/libusb.a(usbhostcontroller.o)
                0x000116c0                CUSBHostController::CUSBHostController()
                0x000116c0                CUSBHostController::CUSBHostController()
                0x000116d0                CUSBHostController::~CUSBHostController()
                0x000116d0                CUSBHostController::~CUSBHostController()
                0x000116d4                CUSBHostController::~CUSBHostController()
                0x000116ec                CUSBHostController::ControlMessage(CUSBEndpoint*, unsigned char, unsigned char, unsigned short, unsigned short, void*, unsigned short)
                0x0001179c                CUSBHostController::GetDescriptor(CUSBEndpoint*, unsigned char, unsigned char, void*, unsigned int, unsigned char, unsigned short)
                0x000117d4                CUSBHostController::SetAddress(CUSBEndpoint*, unsigned char)
                0x00011820                CUSBHostController::SetConfiguration(CUSBEndpoint*, unsigned char)
                0x0001186c                CUSBHostController::Transfer(CUSBEndpoint*, void*, unsigned int, unsigned int)
 .text          0x000118d0      0x428 ../../circle/lib/usb/libusb.a(usbkeyboard.o)
                0x000118d0                CUSBKeyboardDevice::~CUSBKeyboardDevice()
                0x000118d0                CUSBKeyboardDevice::~CUSBKeyboardDevice()
                0x0001191c                CUSBKeyboardDevice::~CUSBKeyboardDevice()
                0x0001193c                CUSBKeyboardDevice::ReportHandler(unsigned char const*, unsigned int)
                0x00011ab0                CUSBKeyboardDevice::CUSBKeyboardDevice(CUSBFunction*)
                0x00011ab0                CUSBKeyboardDevice::CUSBKeyboardDevice(CUSBFunction*)
                0x00011afc                CUSBKeyboardDevice::RegisterKeyPressedHandler(void (*)(char const*))
                0x00011b04                CUSBKeyboardDevice::RegisterSelectConsoleHandler(void (*)(unsigned int))
                0x00011b0c                CUSBKeyboardDevice::RegisterShutdownHandler(void (*)())
                0x00011b14                CUSBKeyboardDevice::GetLEDStatus() const
                0x00011b3c                CUSBKeyboardDevice::RegisterKeyStatusHandlerRaw(void (*)(unsigned char, unsigned char const*))
                0x00011b68                CUSBKeyboardDevice::SetLEDs(unsigned char)
                0x00011bd8                CUSBKeyboardDevice::Configure()
                0x00011c70                CUSBKeyboardDevice::UpdateLEDs()
                0x00011ccc                CUSBKeyboardDevice::FindByte(unsigned char const*, unsigned char, unsigned int)
 .text          0x00011cf8      0xcf8 ../../circle/lib/usb/libusb.a(usbmassdevice.o)
                0x00011cf8                CUSBBulkOnlyMassStorageDevice::Seek(unsigned long long)
                0x00011d08                CUSBBulkOnlyMassStorageDevice::~CUSBBulkOnlyMassStorageDevice()
                0x00011d08                CUSBBulkOnlyMassStorageDevice::~CUSBBulkOnlyMassStorageDevice()
                0x00011e10                CUSBBulkOnlyMassStorageDevice::~CUSBBulkOnlyMassStorageDevice()
                0x00011e30                CUSBBulkOnlyMassStorageDevice::CUSBBulkOnlyMassStorageDevice(CUSBFunction*)
                0x00011e30                CUSBBulkOnlyMassStorageDevice::CUSBBulkOnlyMassStorageDevice(CUSBFunction*)
                0x00011e74                CUSBBulkOnlyMassStorageDevice::GetCapacity() const
                0x00011e7c                CUSBBulkOnlyMassStorageDevice::Command(void*, unsigned int, void*, unsigned int, bool)
                0x00012128                CUSBBulkOnlyMassStorageDevice::TryRead(void*, unsigned int)
                0x00012224                CUSBBulkOnlyMassStorageDevice::TryWrite(void const*, unsigned int)
                0x0001231c                CUSBBulkOnlyMassStorageDevice::Reset()
                0x00012470                CUSBBulkOnlyMassStorageDevice::Read(void*, unsigned int)
                0x000124d0                CUSBBulkOnlyMassStorageDevice::Write(void const*, unsigned int)
                0x00012530                CUSBBulkOnlyMassStorageDevice::Configure()
 .text          0x000129f0      0x6f4 ../../circle/lib/usb/libusb.a(usbmidi.o)
                0x000129f0                CUSBMIDIDevice::~CUSBMIDIDevice()
                0x000129f0                CUSBMIDIDevice::~CUSBMIDIDevice()
                0x00012a54                CUSBMIDIDevice::~CUSBMIDIDevice()
                0x00012a74                CUSBMIDIDevice::CUSBMIDIDevice(CUSBFunction*)
                0x00012a74                CUSBMIDIDevice::CUSBMIDIDevice(CUSBFunction*)
                0x00012aac                CUSBMIDIDevice::RegisterPacketHandler(void (*)(unsigned int, unsigned char*, unsigned int))
                0x00012af8                CUSBMIDIDevice::StartRequest()
                0x00012bfc                CUSBMIDIDevice::TimerStub(unsigned int, void*, void*)
                0x00012c58                CUSBMIDIDevice::CompletionRoutine(CUSBRequest*)
                0x00012e68                CUSBMIDIDevice::CompletionStub(CUSBRequest*, void*, void*)
                0x00012e98                CUSBMIDIDevice::TimerHandler(unsigned int)
                0x00012ecc                CUSBMIDIDevice::Configure()
 .text          0x000130e4      0x22c ../../circle/lib/usb/libusb.a(usbmouse.o)
                0x000130e4                CUSBMouseDevice::~CUSBMouseDevice()
                0x000130e4                CUSBMouseDevice::~CUSBMouseDevice()
                0x00013140                CUSBMouseDevice::~CUSBMouseDevice()
                0x00013160                CUSBMouseDevice::Configure()
                0x00013290                CUSBMouseDevice::ReportHandler(unsigned char const*, unsigned int)
                0x000132e0                CUSBMouseDevice::CUSBMouseDevice(CUSBFunction*)
                0x000132e0                CUSBMouseDevice::CUSBMouseDevice(CUSBFunction*)
 .text          0x00013310      0x364 ../../circle/lib/usb/libusb.a(usbprinter.o)
                0x00013310                CUSBPrinterDevice::~CUSBPrinterDevice()
                0x00013310                CUSBPrinterDevice::~CUSBPrinterDevice()
                0x00013384                CUSBPrinterDevice::~CUSBPrinterDevice()
                0x000133a4                CUSBPrinterDevice::Write(void const*, unsigned int)
                0x00013444                CUSBPrinterDevice::CUSBPrinterDevice(CUSBFunction*)
                0x00013444                CUSBPrinterDevice::CUSBPrinterDevice(CUSBFunction*)
                0x00013474                CUSBPrinterDevice::Configure()
 .text          0x00013674      0x390 ../../circle/lib/usb/libusb.a(usbrequest.o)
                0x00013674                CUSBRequest::CUSBRequest(CUSBEndpoint*, void*, unsigned int, TSetupData*)
                0x00013674                CUSBRequest::CUSBRequest(CUSBEndpoint*, void*, unsigned int, TSetupData*)
                0x000136f8                CUSBRequest::~CUSBRequest()
                0x000136f8                CUSBRequest::~CUSBRequest()
                0x000136fc                CUSBRequest::GetEndpoint() const
                0x00013724                CUSBRequest::SetStatus(int)
                0x0001372c                CUSBRequest::SetResultLen(unsigned int)
                0x00013734                CUSBRequest::GetStatus() const
                0x0001373c                CUSBRequest::GetResultLength() const
                0x0001376c                CUSBRequest::GetSetupData()
                0x000137c0                CUSBRequest::GetBuffer()
                0x000137fc                CUSBRequest::GetBufLen() const
                0x00013804                CUSBRequest::SetCompletionRoutine(void (*)(CUSBRequest*, void*, void*), void*, void*)
                0x00013830                CUSBRequest::CallCompletionRoutine()
                0x0001386c                CUSBRequest::SetCompleteOnNAK()
                0x00013878                CUSBRequest::IsCompleteOnNAK() const
                0x00013880                CUSBRequest::operator new(unsigned int)
                0x000138d8                CUSBRequest::operator delete(void*, unsigned int)
                0x00013938                CUSBRequest::InitAllocator(unsigned int)
                0x00013994                CUSBRequest::InitProtectedAllocator(unsigned int, unsigned int)
 .text          0x00013a04      0xba8 ../../circle/lib/usb/libusb.a(usbstandardhub.o)
                0x00013a04                CUSBStandardHub::~CUSBStandardHub()
                0x00013a04                CUSBStandardHub::~CUSBStandardHub()
                0x00013ac0                CUSBStandardHub::~CUSBStandardHub()
                0x00013ae0                CUSBStandardHub::CUSBStandardHub(CUSBFunction*)
                0x00013ae0                CUSBStandardHub::CUSBStandardHub(CUSBFunction*)
                0x00013b3c                CUSBStandardHub::DisablePort(unsigned int)
                0x00013bfc                CUSBStandardHub::RemoveDevice(unsigned int)
                0x00013c40                CUSBStandardHub::Initialize()
                0x00013d6c                CUSBStandardHub::EnumeratePorts()
                0x00014460                CUSBStandardHub::ReScanDevices()
                0x00014464                CUSBStandardHub::Configure()
 .text          0x000145ac      0xdd0 ../../circle/lib/usb/libusb.a(lan7800.o)
                0x000145ac                CLAN7800Device::GetMACAddress() const
                0x000145b4                CLAN7800Device::~CLAN7800Device()
                0x000145b4                CLAN7800Device::~CLAN7800Device()
                0x00014638                non-virtual thunk to CLAN7800Device::~CLAN7800Device()
                0x00014640                CLAN7800Device::~CLAN7800Device()
                0x00014660                non-virtual thunk to CLAN7800Device::~CLAN7800Device()
                0x00014668                CLAN7800Device::ReceiveFrame(void*, unsigned int*)
                0x000147d8                non-virtual thunk to CLAN7800Device::ReceiveFrame(void*, unsigned int*)
                0x000147e0                CLAN7800Device::SendFrame(void const*, unsigned int)
                0x00014898                non-virtual thunk to CLAN7800Device::SendFrame(void const*, unsigned int)
                0x000148a0                non-virtual thunk to CLAN7800Device::GetMACAddress() const
                0x000148a8                CLAN7800Device::CLAN7800Device(CUSBFunction*)
                0x000148a8                CLAN7800Device::CLAN7800Device(CUSBFunction*)
                0x000148e8                CLAN7800Device::WriteReg(unsigned int, unsigned int)
                0x00014980                CLAN7800Device::ReadReg(unsigned int, unsigned int*)
                0x00014a0c                CLAN7800Device::WaitReg(unsigned int, unsigned int, unsigned int, unsigned int, unsigned int)
                0x00014ab8                CLAN7800Device::PHYWrite(unsigned char, unsigned short)
                0x00014b74                CLAN7800Device::PHYRead(unsigned char, unsigned short*)
                0x00014c5c                CLAN7800Device::IsLinkUp()
                0x00014c84                non-virtual thunk to CLAN7800Device::IsLinkUp()
                0x00014c8c                CLAN7800Device::GetLinkSpeed()
                0x00014d58                non-virtual thunk to CLAN7800Device::GetLinkSpeed()
                0x00014d60                CLAN7800Device::InitPHY()
                0x00014dc4                CLAN7800Device::ReadWriteReg(unsigned int, unsigned int, unsigned int)
                0x00014e10                CLAN7800Device::InitMACAddress()
                0x00014f30                CLAN7800Device::Configure()
 .text._ZN10CNetDevice20IsSendFrameAdvisableEv
                0x0001537c        0x8 ../../circle/lib/usb/libusb.a(lan7800.o)
                0x0001537c                CNetDevice::IsSendFrameAdvisable()
 .text._ZN10CNetDevice9UpdatePHYEv
                0x00015384        0x8 ../../circle/lib/usb/libusb.a(lan7800.o)
                0x00015384                CNetDevice::UpdatePHY()
 .text          0x0001538c      0xb38 ../../circle/lib/usb/libusb.a(smsc951x.o)
                0x0001538c                CSMSC951xDevice::GetMACAddress() const
                0x00015394                CSMSC951xDevice::~CSMSC951xDevice()
                0x00015394                CSMSC951xDevice::~CSMSC951xDevice()
                0x00015418                non-virtual thunk to CSMSC951xDevice::~CSMSC951xDevice()
                0x00015420                CSMSC951xDevice::~CSMSC951xDevice()
                0x00015440                non-virtual thunk to CSMSC951xDevice::~CSMSC951xDevice()
                0x00015448                CSMSC951xDevice::ReceiveFrame(void*, unsigned int*)
                0x000155c4                non-virtual thunk to CSMSC951xDevice::ReceiveFrame(void*, unsigned int*)
                0x000155cc                CSMSC951xDevice::SendFrame(void const*, unsigned int)
                0x00015684                non-virtual thunk to CSMSC951xDevice::SendFrame(void const*, unsigned int)
                0x0001568c                non-virtual thunk to CSMSC951xDevice::GetMACAddress() const
                0x00015694                CSMSC951xDevice::CSMSC951xDevice(CUSBFunction*)
                0x00015694                CSMSC951xDevice::CSMSC951xDevice(CUSBFunction*)
                0x000156d4                CSMSC951xDevice::WriteReg(unsigned int, unsigned int)
                0x0001573c                CSMSC951xDevice::ReadReg(unsigned int, unsigned int*)
                0x000157a4                CSMSC951xDevice::PHYWaitNotBusy()
                0x00015824                CSMSC951xDevice::PHYWrite(unsigned char, unsigned short)
                0x000158a8                CSMSC951xDevice::PHYRead(unsigned char, unsigned short*)
                0x00015960                CSMSC951xDevice::IsLinkUp()
                0x00015988                non-virtual thunk to CSMSC951xDevice::IsLinkUp()
                0x00015990                CSMSC951xDevice::GetLinkSpeed()
                0x000159ec                non-virtual thunk to CSMSC951xDevice::GetLinkSpeed()
                0x000159f4                CSMSC951xDevice::DumpReg(char const*, unsigned int)
                0x00015a6c                CSMSC951xDevice::DumpRegs()
                0x00015c04                CSMSC951xDevice::Configure()
 .text          0x00015ec4      0x604 ../../circle/lib/usb/libusb.a(usbbluetooth.o)
                0x00015ec4                CUSBBluetoothDevice::~CUSBBluetoothDevice()
                0x00015ec4                CUSBBluetoothDevice::~CUSBBluetoothDevice()
                0x00015f80                CUSBBluetoothDevice::~CUSBBluetoothDevice()
                0x00015fa0                CUSBBluetoothDevice::CUSBBluetoothDevice(CUSBFunction*)
                0x00015fa0                CUSBBluetoothDevice::CUSBBluetoothDevice(CUSBFunction*)
                0x00015fdc                CUSBBluetoothDevice::SendHCICommand(void const*, unsigned int)
                0x0001603c                CUSBBluetoothDevice::StartRequest()
                0x0001611c                CUSBBluetoothDevice::RegisterHCIEventHandler(void (*)(void const*, unsigned int))
                0x00016148                CUSBBluetoothDevice::CompletionRoutine(CUSBRequest*)
                0x00016278                CUSBBluetoothDevice::CompletionStub(CUSBRequest*, void*, void*)
                0x000162a8                CUSBBluetoothDevice::Configure()
 .text          0x000164c8      0x5d0 ../../circle/lib/usb/libusb.a(usbcdcethernet.o)
                0x000164c8                CUSBCDCEthernetDevice::GetMACAddress() const
                0x000164d0                CUSBCDCEthernetDevice::~CUSBCDCEthernetDevice()
                0x000164d0                CUSBCDCEthernetDevice::~CUSBCDCEthernetDevice()
                0x00016554                non-virtual thunk to CUSBCDCEthernetDevice::~CUSBCDCEthernetDevice()
                0x0001655c                CUSBCDCEthernetDevice::~CUSBCDCEthernetDevice()
                0x0001657c                non-virtual thunk to CUSBCDCEthernetDevice::~CUSBCDCEthernetDevice()
                0x00016584                CUSBCDCEthernetDevice::ReceiveFrame(void*, unsigned int*)
                0x0001666c                non-virtual thunk to CUSBCDCEthernetDevice::ReceiveFrame(void*, unsigned int*)
                0x00016674                CUSBCDCEthernetDevice::SendFrame(void const*, unsigned int)
                0x00016718                non-virtual thunk to CUSBCDCEthernetDevice::SendFrame(void const*, unsigned int)
                0x00016720                non-virtual thunk to CUSBCDCEthernetDevice::GetMACAddress() const
                0x00016728                CUSBCDCEthernetDevice::CUSBCDCEthernetDevice(CUSBFunction*)
                0x00016728                CUSBCDCEthernetDevice::CUSBCDCEthernetDevice(CUSBFunction*)
                0x00016768                CUSBCDCEthernetDevice::InitMACAddress(unsigned char)
                0x00016868                CUSBCDCEthernetDevice::Configure()
 .text._ZN10CNetDevice8IsLinkUpEv
                0x00016a98        0x8 ../../circle/lib/usb/libusb.a(usbcdcethernet.o)
                0x00016a98                CNetDevice::IsLinkUp()
 .text._ZN10CNetDevice12GetLinkSpeedEv
                0x00016aa0        0x8 ../../circle/lib/usb/libusb.a(usbcdcethernet.o)
                0x00016aa0                CNetDevice::GetLinkSpeed()
 .text          0x00016aa8      0x340 ../../circle/lib/usb/libusb.a(usbconfigparser.o)
                0x00016aa8                CUSBConfigurationParser::CUSBConfigurationParser(void const*, unsigned int)
                0x00016aa8                CUSBConfigurationParser::CUSBConfigurationParser(void const*, unsigned int)
                0x00016bdc                CUSBConfigurationParser::CUSBConfigurationParser(CUSBConfigurationParser*)
                0x00016bdc                CUSBConfigurationParser::CUSBConfigurationParser(CUSBConfigurationParser*)
                0x00016c3c                CUSBConfigurationParser::~CUSBConfigurationParser()
                0x00016c3c                CUSBConfigurationParser::~CUSBConfigurationParser()
                0x00016c40                CUSBConfigurationParser::IsValid() const
                0x00016c48                CUSBConfigurationParser::GetDescriptor(unsigned char)
                0x00016d34                CUSBConfigurationParser::GetCurrentDescriptor()
                0x00016d80                CUSBConfigurationParser::Error(char const*) const
 .text          0x00016de8      0x200 ../../circle/lib/usb/libusb.a(usbgamepad.o)
                0x00016de8                CUSBGamePadDevice::GetInitialState()
                0x00016df0                CUSBGamePadDevice::ReportHandler(unsigned char const*, unsigned int)
                0x00016e44                CUSBGamePadDevice::RegisterStatusHandler(void (*)(unsigned int, TGamePadState const*))
                0x00016e90                CUSBGamePadDevice::Configure()
                0x00016f3c                CUSBGamePadDevice::CUSBGamePadDevice(CUSBFunction*)
                0x00016f3c                CUSBGamePadDevice::CUSBGamePadDevice(CUSBFunction*)
                0x00016f84                CUSBGamePadDevice::~CUSBGamePadDevice()
                0x00016f84                CUSBGamePadDevice::~CUSBGamePadDevice()
                0x00016fc8                CUSBGamePadDevice::~CUSBGamePadDevice()
 .text          0x00016fe8      0x4dc ../../circle/lib/usb/libusb.a(usbstring.o)
                0x00016fe8                CUSBString::CUSBString(CUSBDevice*)
                0x00016fe8                CUSBString::CUSBString(CUSBDevice*)
                0x00017038                CUSBString::CUSBString(CUSBString*)
                0x00017038                CUSBString::CUSBString(CUSBString*)
                0x00017100                CUSBString::~CUSBString()
                0x00017100                CUSBString::~CUSBString()
                0x00017140                CUSBString::GetFromDescriptor(unsigned char, unsigned short)
                0x00017358                CUSBString::Get() const
                0x00017360                CUSBString::GetLanguageID()
 .text          0x000174c4      0x328 ../../circle/lib/input/libinput.a(keyboardbehaviour.o)
                0x000174c4                CKeyboardBehaviour::CKeyboardBehaviour()
                0x000174c4                CKeyboardBehaviour::CKeyboardBehaviour()
                0x000174f4                CKeyboardBehaviour::~CKeyboardBehaviour()
                0x000174f4                CKeyboardBehaviour::~CKeyboardBehaviour()
                0x0001751c                CKeyboardBehaviour::RegisterKeyPressedHandler(void (*)(char const*))
                0x00017548                CKeyboardBehaviour::RegisterSelectConsoleHandler(void (*)(unsigned int))
                0x00017574                CKeyboardBehaviour::RegisterShutdownHandler(void (*)())
                0x000175a0                CKeyboardBehaviour::GetLEDStatus() const
                0x000175a8                CKeyboardBehaviour::GenerateKeyEvent(unsigned char)
                0x00017688                CKeyboardBehaviour::KeyPressed(unsigned char)
                0x000176cc                CKeyboardBehaviour::KeyReleased(unsigned char)
                0x00017734                CKeyboardBehaviour::TimerHandler(unsigned int)
                0x000177bc                CKeyboardBehaviour::TimerStub(unsigned int, void*, void*)
 .text          0x000177ec      0x390 ../../circle/lib/input/libinput.a(keymap.o)
                0x000177ec                CKeyMap::~CKeyMap()
                0x000177ec                CKeyMap::~CKeyMap()
                0x000177f0                CKeyMap::ClearTable(unsigned char)
                0x00017828                CKeyMap::SetEntry(unsigned char, unsigned char, unsigned short)
                0x00017878                CKeyMap::Translate(unsigned char, unsigned char)
                0x0001797c                CKeyMap::GetString(unsigned short, unsigned char, char*) const
                0x00017a3c                CKeyMap::GetLEDStatus() const
                0x00017a6c                CKeyMap::LookupDefaultMap(char const*)
                0x00017aec                CKeyMap::CKeyMap()
                0x00017aec                CKeyMap::CKeyMap()
 .text          0x00017b7c      0x194 ../../circle/lib/input/libinput.a(mouse.o)
                0x00017b7c                CMouseDevice::~CMouseDevice()
                0x00017b7c                CMouseDevice::~CMouseDevice()
                0x00017bc8                CMouseDevice::~CMouseDevice()
                0x00017be8                CMouseDevice::CMouseDevice()
                0x00017be8                CMouseDevice::CMouseDevice()
                0x00017c54                CMouseDevice::Setup(unsigned int, unsigned int)
                0x00017c5c                CMouseDevice::RegisterEventHandler(void (*)(TMouseEvent, unsigned int, unsigned int, unsigned int))
                0x00017c64                CMouseDevice::SetCursor(unsigned int, unsigned int)
                0x00017c6c                CMouseDevice::ShowCursor(bool)
                0x00017c74                CMouseDevice::UpdateCursor()
                0x00017c88                CMouseDevice::RegisterStatusHandler(void (*)(unsigned int, int, int))
                0x00017cd4                CMouseDevice::ReportHandler(unsigned int, int, int)
 .text          0x00017d10      0x48c ../../circle/lib/input/libinput.a(mousebehaviour.o)
                0x00017d10                CMouseBehaviour::CMouseBehaviour()
                0x00017d10                CMouseBehaviour::CMouseBehaviour()
                0x00017d38                CMouseBehaviour::~CMouseBehaviour()
                0x00017d38                CMouseBehaviour::~CMouseBehaviour()
                0x00017d3c                CMouseBehaviour::Setup(unsigned int, unsigned int)
                0x00017e60                CMouseBehaviour::RegisterEventHandler(void (*)(TMouseEvent, unsigned int, unsigned int, unsigned int))
                0x00017eac                CMouseBehaviour::MouseStatusChanged(unsigned int, int, int)
                0x00017ff8                CMouseBehaviour::SetCursorState(unsigned int, unsigned int, bool)
                0x0001806c                CMouseBehaviour::SetCursor(unsigned int, unsigned int)
                0x00018100                CMouseBehaviour::ShowCursor(bool)
                0x00018170                CMouseBehaviour::UpdateCursor()
 .text          0x0001819c      0x2f0 ../../circle/lib/fs/libfs.a(partitionmanager.o)
                0x0001819c                CPartitionManager::CPartitionManager(CDevice*, char const*)
                0x0001819c                CPartitionManager::CPartitionManager(CDevice*, char const*)
                0x000181cc                CPartitionManager::~CPartitionManager()
                0x000181cc                CPartitionManager::~CPartitionManager()
                0x00018290                CPartitionManager::Initialize()
 .text          0x0001848c      0x2bc ../../circle/lib/fs/libfs.a(partition.o)
                0x0001848c                CPartition::~CPartition()
                0x0001848c                CPartition::~CPartition()
                0x000184b0                CPartition::~CPartition()
                0x000184e0                CPartition::Read(void*, unsigned int)
                0x0001857c                CPartition::Write(void const*, unsigned int)
                0x00018618                CPartition::Seek(unsigned long long)
                0x000186e0                CPartition::CPartition(CDevice*, unsigned int, unsigned int)
                0x000186e0                CPartition::CPartition(CDevice*, unsigned int, unsigned int)
 .text          0x00018748      0x358 ../../circle/lib/net/libnet.a(netsubsystem.o)
                0x00018748                CNetSubSystem::CNetSubSystem(unsigned char const*, unsigned char const*, unsigned char const*, unsigned char const*, char const*)
                0x00018748                CNetSubSystem::CNetSubSystem(unsigned char const*, unsigned char const*, unsigned char const*, unsigned char const*, char const*)
                0x00018878                CNetSubSystem::Process()
                0x000188a4                CNetSubSystem::GetConfig()
                0x000188ac                CNetSubSystem::GetNetDeviceLayer()
                0x000188b4                CNetSubSystem::GetTransportLayer()
                0x000188bc                CNetSubSystem::IsRunning() const
                0x000188fc                CNetSubSystem::Initialize(bool)
                0x00018a20                CNetSubSystem::Get()
                0x00018a50                CNetSubSystem::~CNetSubSystem()
                0x00018a50                CNetSubSystem::~CNetSubSystem()
 .text          0x00018aa0       0xcc ../../circle/lib/net/libnet.a(nettask.o)
                0x00018aa0                CNetTask::~CNetTask()
                0x00018aa0                CNetTask::~CNetTask()
                0x00018ac8                CNetTask::~CNetTask()
                0x00018afc                CNetTask::Run()
                0x00018b40                CNetTask::CNetTask(CNetSubSystem*)
                0x00018b40                CNetTask::CNetTask(CNetSubSystem*)
 .text          0x00018b6c      0xf18 ../../circle/lib/net/libnet.a(transportlayer.o)
                0x00018b6c                CTransportLayer::CTransportLayer(CNetConfig*, CNetworkLayer*)
                0x00018b6c                CTransportLayer::CTransportLayer(CNetConfig*, CNetworkLayer*)
                0x00018c04                CTransportLayer::Initialize()
                0x00018c0c                CTransportLayer::Bind(unsigned short, int)
                0x00018d80                CTransportLayer::Connect(CIPAddress&, unsigned short, unsigned short, int)
                0x00019020                CTransportLayer::Listen(unsigned short, int)
                0x0001918c                CTransportLayer::Accept(CIPAddress*, unsigned short*, int)
                0x00019258                CTransportLayer::Disconnect(int)
                0x000192d4                CTransportLayer::Send(void const*, unsigned int, int, int)
                0x000193b0                CTransportLayer::Receive(void*, int, int)
                0x0001945c                CTransportLayer::SendTo(void const*, unsigned int, int, CIPAddress&, unsigned short, int)
                0x00019544                CTransportLayer::ReceiveFrom(void*, int, CIPAddress*, unsigned short*, int)
                0x00019608                CTransportLayer::SetOptionBroadcast(bool, int)
                0x0001968c                CTransportLayer::IsConnected(int) const
                0x000196fc                CTransportLayer::GetForeignIP(int) const
                0x00019764                CTransportLayer::~CTransportLayer()
                0x00019764                CTransportLayer::~CTransportLayer()
                0x0001978c                CTransportLayer::Process()
 .text          0x00019a84      0x924 ../../circle/lib/net/libnet.a(networklayer.o)
                0x00019aa0                CNetworkLayer::CNetworkLayer(CNetConfig*, CLinkLayer*)
                0x00019aa0                CNetworkLayer::CNetworkLayer(CNetConfig*, CLinkLayer*)
                0x00019b20                CNetworkLayer::~CNetworkLayer()
                0x00019b20                CNetworkLayer::~CNetworkLayer()
                0x00019b80                CNetworkLayer::Initialize()
                0x00019be4                CNetworkLayer::Process()
                0x00019e14                CNetworkLayer::Send(CIPAddress const&, void const*, unsigned int, int)
                0x0001a088                CNetworkLayer::Receive(void*, unsigned int*, CIPAddress*, CIPAddress*, int*)
                0x0001a1b8                CNetworkLayer::ReceiveNotification(TICMPNotificationType*, CIPAddress*, CIPAddress*, unsigned short*, unsigned short*, int*)
                0x0001a320                CNetworkLayer::AddRoute(unsigned char const*, unsigned char const*)
                0x0001a328                CNetworkLayer::GetGateway(unsigned char const*) const
                0x0001a390                CNetworkLayer::SendFailed(unsigned int, void const*, unsigned int)
 .text          0x0001a3a8      0x5b8 ../../circle/lib/net/libnet.a(linklayer.o)
                0x0001a3a8                CLinkLayer::CLinkLayer(CNetConfig*, CNetDeviceLayer*)
                0x0001a3a8                CLinkLayer::CLinkLayer(CNetConfig*, CNetDeviceLayer*)
                0x0001a41c                CLinkLayer::~CLinkLayer()
                0x0001a41c                CLinkLayer::~CLinkLayer()
                0x0001a470                CLinkLayer::Initialize()
                0x0001a4d4                CLinkLayer::AttachLayer(CNetworkLayer*)
                0x0001a520                CLinkLayer::Process()
                0x0001a6c8                CLinkLayer::Send(CIPAddress const&, void const*, unsigned int)
                0x0001a87c                CLinkLayer::Receive(void*, unsigned int*)
                0x0001a8e4                CLinkLayer::ResolveFailed(void const*, unsigned int)
 .text          0x0001a960      0x350 ../../circle/lib/net/libnet.a(netdevlayer.o)
                0x0001a960                CNetDeviceLayer::CNetDeviceLayer(CNetConfig*)
                0x0001a960                CNetDeviceLayer::CNetDeviceLayer(CNetConfig*)
                0x0001a988                CNetDeviceLayer::~CNetDeviceLayer()
                0x0001a988                CNetDeviceLayer::~CNetDeviceLayer()
                0x0001a9b0                CNetDeviceLayer::Initialize(bool)
                0x0001ab08                CNetDeviceLayer::Process()
                0x0001ac28                CNetDeviceLayer::GetMACAddress() const
                0x0001ac5c                CNetDeviceLayer::Send(void const*, unsigned int)
                0x0001ac68                CNetDeviceLayer::Receive(void*, unsigned int*)
 .text          0x0001acb0      0x104 ../../circle/lib/net/libnet.a(phytask.o)
                0x0001acb0                CPHYTask::~CPHYTask()
                0x0001acb0                CPHYTask::~CPHYTask()
                0x0001acd8                CPHYTask::~CPHYTask()
                0x0001ad0c                CPHYTask::Run()
                0x0001ad88                CPHYTask::CPHYTask(CNetDevice*)
                0x0001ad88                CPHYTask::CPHYTask(CNetDevice*)
 .text          0x0001adb4      0xc54 ../../circle/lib/net/libnet.a(arphandler.o)
                0x0001adb4                CARPHandler::TimerHandler(unsigned int, void*, void*)
                0x0001ae58                CARPHandler::CARPHandler(CNetConfig*, CNetDeviceLayer*, CLinkLayer*, CNetQueue*)
                0x0001ae58                CARPHandler::CARPHandler(CNetConfig*, CNetDeviceLayer*, CLinkLayer*, CNetQueue*)
                0x0001af04                CARPHandler::~CARPHandler()
                0x0001af04                CARPHandler::~CARPHandler()
                0x0001af60                CARPHandler::ReplyReceived(CIPAddress const&, CMACAddress const&)
                0x0001b034                CARPHandler::RequestReceived(CIPAddress const&, CMACAddress const&)
                0x0001b194                CARPHandler::SendPacket(bool, CIPAddress const&, CMACAddress const&)
                0x0001b2c4                CARPHandler::Process()
                0x0001b6c4                CARPHandler::Resolve(CIPAddress const&, CMACAddress*, void const*, unsigned int)
 .text          0x0001ba08      0x704 ../../circle/lib/net/libnet.a(icmphandler.o)
                0x0001ba08                CICMPHandler::CICMPHandler(CNetConfig*, CNetworkLayer*, CNetQueue*, CNetQueue*)
                0x0001ba08                CICMPHandler::CICMPHandler(CNetConfig*, CNetworkLayer*, CNetQueue*, CNetQueue*)
                0x0001ba94                CICMPHandler::~CICMPHandler()
                0x0001ba94                CICMPHandler::~CICMPHandler()
                0x0001ba98                CICMPHandler::EnqueueNotification(TICMPNotificationType, TIPHeader*, TICMPDataDatagramHeader*)
                0x0001bb8c                CICMPHandler::Process()
                0x0001bf60                CICMPHandler::DestinationUnreachable(unsigned int, void const*, unsigned int)
 .text          0x0001c10c      0x204 ../../circle/lib/net/libnet.a(routecache.o)
                0x0001c10c                CRouteCache::CRouteCache()
                0x0001c10c                CRouteCache::CRouteCache()
                0x0001c128                CRouteCache::Flush()
                0x0001c170                CRouteCache::~CRouteCache()
                0x0001c170                CRouteCache::~CRouteCache()
                0x0001c18c                CRouteCache::AddRoute(unsigned char const*, unsigned char const*)
                0x0001c278                CRouteCache::GetRoute(unsigned char const*) const
 .text          0x0001c310      0x200 ../../circle/lib/net/libnet.a(netconnection.o)
                0x0001c310                CNetConnection::CNetConnection(CNetConfig*, CNetworkLayer*, CIPAddress&, unsigned short, unsigned short, int)
                0x0001c310                CNetConnection::CNetConnection(CNetConfig*, CNetworkLayer*, CIPAddress&, unsigned short, unsigned short, int)
                0x0001c3c0                CNetConnection::CNetConnection(CNetConfig*, CNetworkLayer*, unsigned short, int)
                0x0001c3c0                CNetConnection::CNetConnection(CNetConfig*, CNetworkLayer*, unsigned short, int)
                0x0001c45c                CNetConnection::~CNetConnection()
                0x0001c45c                CNetConnection::~CNetConnection()
                0x0001c494                CNetConnection::~CNetConnection()
                0x0001c4d8                CNetConnection::GetForeignIP() const
                0x0001c4e0                CNetConnection::GetOwnPort() const
                0x0001c508                CNetConnection::GetProtocol() const
 .text          0x0001c510      0x9a8 ../../circle/lib/net/libnet.a(udpconnection.o)
                0x0001c510                CUDPConnection::Accept(CIPAddress*, unsigned short*)
                0x0001c518                CUDPConnection::Close()
                0x0001c534                CUDPConnection::SetOptionBroadcast(bool)
                0x0001c540                CUDPConnection::IsConnected() const
                0x0001c548                CUDPConnection::IsTerminated() const
                0x0001c554                CUDPConnection::Process()
                0x0001c558                CUDPConnection::Send(void const*, unsigned int, int)
                0x0001c710                CUDPConnection::SendTo(void const*, unsigned int, int, CIPAddress&, unsigned short)
                0x0001c8e4                CUDPConnection::Receive(void*, int)
                0x0001c9cc                CUDPConnection::ReceiveFrom(void*, int, CIPAddress*, unsigned short*)
                0x0001cae0                CUDPConnection::Connect()
                0x0001cb10                CUDPConnection::~CUDPConnection()
                0x0001cb10                CUDPConnection::~CUDPConnection()
                0x0001cb68                CUDPConnection::~CUDPConnection()
                0x0001cb88                CUDPConnection::PacketReceived(void const*, unsigned int, CIPAddress&, CIPAddress&, int)
                0x0001cd38                CUDPConnection::NotificationReceived(TICMPNotificationType, CIPAddress&, CIPAddress&, unsigned short, unsigned short, int)
                0x0001cdf0                CUDPConnection::CUDPConnection(CNetConfig*, CNetworkLayer*, CIPAddress&, unsigned short, unsigned short)
                0x0001cdf0                CUDPConnection::CUDPConnection(CNetConfig*, CNetworkLayer*, CIPAddress&, unsigned short, unsigned short)
                0x0001ce5c                CUDPConnection::CUDPConnection(CNetConfig*, CNetworkLayer*, unsigned short)
                0x0001ce5c                CUDPConnection::CUDPConnection(CNetConfig*, CNetworkLayer*, unsigned short)
 .text          0x0001ceb8     0x2054 ../../circle/lib/net/libnet.a(tcpconnection.o)
                0x0001ceb8                CTCPConnection::SendTo(void const*, unsigned int, int, CIPAddress&, unsigned short)
                0x0001ced0                CTCPConnection::SetOptionBroadcast(bool)
                0x0001ced8                CTCPConnection::IsConnected() const
                0x0001cefc                CTCPConnection::IsTerminated() const
                0x0001cf0c                CTCPConnection::ReceiveFrom(void*, int, CIPAddress*, unsigned short*)
                0x0001cf68                CTCPConnection::Send(void const*, unsigned int, int)
                0x0001d06c                CTCPConnection::Receive(void*, int)
                0x0001d120                CTCPConnection::CTCPConnection(CNetConfig*, CNetworkLayer*, unsigned short)
                0x0001d120                CTCPConnection::CTCPConnection(CNetConfig*, CNetworkLayer*, unsigned short)
                0x0001d1f4                CTCPConnection::SendSegment(unsigned int, unsigned int, unsigned int, void const*, unsigned int)
                0x0001d34c                CTCPConnection::ScanOptions(TTCPHeader*)
                0x0001d400                CTCPConnection::CalculateISN()
                0x0001d464                CTCPConnection::StopTimer(unsigned int)
                0x0001d514                CTCPConnection::~CTCPConnection()
                0x0001d514                CTCPConnection::~CTCPConnection()
                0x0001d5d4                CTCPConnection::~CTCPConnection()
                0x0001d5f4                CTCPConnection::Close()
                0x0001d714                CTCPConnection::StartTimer(unsigned int, unsigned int)
                0x0001d7bc                CTCPConnection::CTCPConnection(CNetConfig*, CNetworkLayer*, CIPAddress&, unsigned short, unsigned short)
                0x0001d7bc                CTCPConnection::CTCPConnection(CNetConfig*, CNetworkLayer*, CIPAddress&, unsigned short, unsigned short)
                0x0001d924                CTCPConnection::Process()
                0x0001dc04                CTCPConnection::NotificationReceived(TICMPNotificationType, CIPAddress&, CIPAddress&, unsigned short, unsigned short, int)
                0x0001dcdc                CTCPConnection::DumpStatus()
                0x0001dd58                CTCPConnection::NewState(TTCPState, unsigned int)
                0x0001de00                CTCPConnection::UnexpectedState(unsigned int)
                0x0001de44                CTCPConnection::Connect()
                0x0001dec8                CTCPConnection::Accept(CIPAddress*, unsigned short*)
                0x0001dfb0                CTCPConnection::PacketReceived(void const*, unsigned int, CIPAddress&, CIPAddress&, int)
                0x0001ecec                CTCPConnection::TimerHandler(unsigned int)
                0x0001eec0                CTCPConnection::TimerStub(unsigned int, void*, void*)
 .text          0x0001ef0c      0x3d4 ../../circle/lib/net/libnet.a(retransmissionqueue.o)
                0x0001ef0c                CRetransmissionQueue::CRetransmissionQueue(unsigned int)
                0x0001ef0c                CRetransmissionQueue::CRetransmissionQueue(unsigned int)
                0x0001ef5c                CRetransmissionQueue::~CRetransmissionQueue()
                0x0001ef5c                CRetransmissionQueue::~CRetransmissionQueue()
                0x0001ef78                CRetransmissionQueue::IsEmpty() const
                0x0001ef90                CRetransmissionQueue::GetFreeSpace() const
                0x0001f018                CRetransmissionQueue::Write(void const*, unsigned int)
                0x0001f0e8                CRetransmissionQueue::GetBytesAvailable() const
                0x0001f16c                CRetransmissionQueue::Read(void*, unsigned int)
                0x0001f23c                CRetransmissionQueue::Advance(unsigned int)
                0x0001f2c0                CRetransmissionQueue::Reset()
                0x0001f2cc                CRetransmissionQueue::Flush()
 .text          0x0001f2e0      0x2f0 ../../circle/lib/net/libnet.a(retranstimeoutcalc.o)
                0x0001f2e0                CRetransmissionTimeoutCalculator::CRetransmissionTimeoutCalculator()
                0x0001f2e0                CRetransmissionTimeoutCalculator::CRetransmissionTimeoutCalculator()
                0x0001f33c                CRetransmissionTimeoutCalculator::~CRetransmissionTimeoutCalculator()
                0x0001f33c                CRetransmissionTimeoutCalculator::~CRetransmissionTimeoutCalculator()
                0x0001f340                CRetransmissionTimeoutCalculator::GetRTO() const
                0x0001f348                CRetransmissionTimeoutCalculator::Initialize(unsigned int)
                0x0001f3bc                CRetransmissionTimeoutCalculator::SegmentSent(unsigned int, unsigned int)
                0x0001f450                CRetransmissionTimeoutCalculator::RetransmissionTimerExpired()
                0x0001f4b8                CRetransmissionTimeoutCalculator::Calculate(unsigned int)
                0x0001f544                CRetransmissionTimeoutCalculator::SegmentAcknowledged(unsigned int)
 .text          0x0001f5d0      0x2b8 ../../circle/lib/net/libnet.a(tcprejector.o)
                0x0001f5d0                CTCPRejector::~CTCPRejector()
                0x0001f5d0                CTCPRejector::~CTCPRejector()
                0x0001f5f0                CTCPRejector::~CTCPRejector()
                0x0001f61c                CTCPRejector::CTCPRejector(CNetConfig*, CNetworkLayer*)
                0x0001f61c                CTCPRejector::CTCPRejector(CNetConfig*, CNetworkLayer*)
                0x0001f650                CTCPRejector::SendSegment(unsigned int, unsigned int, unsigned int)
                0x0001f72c                CTCPRejector::PacketReceived(void const*, unsigned int, CIPAddress&, CIPAddress&, int)
 .text._ZN12CTCPRejector7ConnectEv
                0x0001f888        0x8 ../../circle/lib/net/libnet.a(tcprejector.o)
                0x0001f888                CTCPRejector::Connect()
 .text._ZN12CTCPRejector6AcceptEP10CIPAddressPt
                0x0001f890        0x8 ../../circle/lib/net/libnet.a(tcprejector.o)
                0x0001f890                CTCPRejector::Accept(CIPAddress*, unsigned short*)
 .text._ZN12CTCPRejector5CloseEv
                0x0001f898        0x8 ../../circle/lib/net/libnet.a(tcprejector.o)
                0x0001f898                CTCPRejector::Close()
 .text._ZN12CTCPRejector4SendEPKvji
                0x0001f8a0        0x8 ../../circle/lib/net/libnet.a(tcprejector.o)
                0x0001f8a0                CTCPRejector::Send(void const*, unsigned int, int)
 .text._ZN12CTCPRejector7ReceiveEPvi
                0x0001f8a8        0x8 ../../circle/lib/net/libnet.a(tcprejector.o)
                0x0001f8a8                CTCPRejector::Receive(void*, int)
 .text._ZN12CTCPRejector6SendToEPKvjiR10CIPAddresst
                0x0001f8b0        0x8 ../../circle/lib/net/libnet.a(tcprejector.o)
                0x0001f8b0                CTCPRejector::SendTo(void const*, unsigned int, int, CIPAddress&, unsigned short)
 .text._ZN12CTCPRejector11ReceiveFromEPviP10CIPAddressPt
                0x0001f8b8        0x8 ../../circle/lib/net/libnet.a(tcprejector.o)
                0x0001f8b8                CTCPRejector::ReceiveFrom(void*, int, CIPAddress*, unsigned short*)
 .text._ZN12CTCPRejector18SetOptionBroadcastEb
                0x0001f8c0        0x8 ../../circle/lib/net/libnet.a(tcprejector.o)
                0x0001f8c0                CTCPRejector::SetOptionBroadcast(bool)
 .text._ZNK12CTCPRejector11IsConnectedEv
                0x0001f8c8        0x8 ../../circle/lib/net/libnet.a(tcprejector.o)
                0x0001f8c8                CTCPRejector::IsConnected() const
 .text._ZNK12CTCPRejector12IsTerminatedEv
                0x0001f8d0        0x8 ../../circle/lib/net/libnet.a(tcprejector.o)
                0x0001f8d0                CTCPRejector::IsTerminated() const
 .text._ZN12CTCPRejector7ProcessEv
                0x0001f8d8        0x4 ../../circle/lib/net/libnet.a(tcprejector.o)
                0x0001f8d8                CTCPRejector::Process()
 .text._ZN12CTCPRejector20NotificationReceivedE21TICMPNotificationTypeR10CIPAddressS2_tti
                0x0001f8dc        0x8 ../../circle/lib/net/libnet.a(tcprejector.o)
                0x0001f8dc                CTCPRejector::NotificationReceived(TICMPNotificationType, CIPAddress&, CIPAddress&, unsigned short, unsigned short, int)
 .text          0x0001f8e4      0x1d0 ../../circle/lib/net/libnet.a(netconfig.o)
                0x0001f8e4                CNetConfig::~CNetConfig()
                0x0001f8e4                CNetConfig::~CNetConfig()
                0x0001f91c                CNetConfig::SetDHCP(bool)
                0x0001f924                CNetConfig::SetDefaultGateway(unsigned int)
                0x0001f92c                CNetConfig::SetDNSServer(unsigned int)
                0x0001f934                CNetConfig::SetDefaultGateway(unsigned char const*)
                0x0001f93c                CNetConfig::SetDNSServer(unsigned char const*)
                0x0001f944                CNetConfig::GetIPAddress() const
                0x0001f94c                CNetConfig::IsDHCPUsed() const
                0x0001f954                CNetConfig::GetNetMask() const
                0x0001f95c                CNetConfig::GetDefaultGateway() const
                0x0001f964                CNetConfig::GetDNSServer() const
                0x0001f96c                CNetConfig::GetBroadcastAddress() const
                0x0001f974                CNetConfig::UpdateBroadcastAddress()
                0x0001f9b4                CNetConfig::Reset()
                0x0001fa00                CNetConfig::CNetConfig()
                0x0001fa00                CNetConfig::CNetConfig()
                0x0001fa44                CNetConfig::SetIPAddress(unsigned int)
                0x0001fa60                CNetConfig::SetNetMask(unsigned int)
                0x0001fa7c                CNetConfig::SetIPAddress(unsigned char const*)
                0x0001fa98                CNetConfig::SetNetMask(unsigned char const*)
 .text          0x0001fab4      0x544 ../../circle/lib/net/libnet.a(ipaddress.o)
                0x0001fab4                CIPAddress::CIPAddress()
                0x0001fab4                CIPAddress::CIPAddress()
                0x0001fac0                CIPAddress::CIPAddress(unsigned int)
                0x0001fac0                CIPAddress::CIPAddress(unsigned int)
                0x0001fad0                CIPAddress::CIPAddress(CIPAddress const&)
                0x0001fad0                CIPAddress::CIPAddress(CIPAddress const&)
                0x0001fb0c                CIPAddress::~CIPAddress()
                0x0001fb0c                CIPAddress::~CIPAddress()
                0x0001fb10                CIPAddress::operator==(CIPAddress const&) const
                0x0001fb74                CIPAddress::operator!=(CIPAddress const&) const
                0x0001fbd4                CIPAddress::operator==(unsigned char const*) const
                0x0001fc34                CIPAddress::operator!=(unsigned char const*) const
                0x0001fc48                CIPAddress::operator==(unsigned int) const
                0x0001fc84                CIPAddress::operator!=(unsigned int) const
                0x0001fcbc                CIPAddress::operator=(unsigned int)
                0x0001fccc                CIPAddress::Set(unsigned int)
                0x0001fcdc                CIPAddress::Set(unsigned char const*)
                0x0001fd1c                CIPAddress::CIPAddress(unsigned char const*)
                0x0001fd1c                CIPAddress::CIPAddress(unsigned char const*)
                0x0001fd30                CIPAddress::Set(CIPAddress const&)
                0x0001fd6c                CIPAddress::SetBroadcast()
                0x0001fd80                CIPAddress::operator unsigned int() const
                0x0001fdb0                CIPAddress::Get() const
                0x0001fde0                CIPAddress::CopyTo(unsigned char*) const
                0x0001fe40                CIPAddress::IsNull() const
                0x0001fe78                CIPAddress::IsBroadcast() const
                0x0001feb4                CIPAddress::GetSize() const
                0x0001febc                CIPAddress::Format(CString*) const
                0x0001ff3c                CIPAddress::OnSameNetwork(CIPAddress const&, unsigned char const*) const
 .text          0x0001fff8      0x348 ../../circle/lib/net/libnet.a(netqueue.o)
                0x0001fff8                CNetQueue::CNetQueue()
                0x0001fff8                CNetQueue::CNetQueue()
                0x0002000c                CNetQueue::IsEmpty() const
                0x0002001c                CNetQueue::Flush()
                0x000200dc                CNetQueue::~CNetQueue()
                0x000200dc                CNetQueue::~CNetQueue()
                0x000200f0                CNetQueue::Enqueue(void const*, unsigned int, void*)
                0x0002021c                CNetQueue::Dequeue(void*, void**)
 .text          0x00020340      0x2a0 ../../circle/lib/net/libnet.a(checksumcalculator.o)
                0x00020340                CChecksumCalculator::CChecksumCalculator(CIPAddress const&, int)
                0x00020340                CChecksumCalculator::CChecksumCalculator(CIPAddress const&, int)
                0x00020370                CChecksumCalculator::CChecksumCalculator(CIPAddress const&, CIPAddress const&, int)
                0x00020370                CChecksumCalculator::CChecksumCalculator(CIPAddress const&, CIPAddress const&, int)
                0x000203b4                CChecksumCalculator::~CChecksumCalculator()
                0x000203b4                CChecksumCalculator::~CChecksumCalculator()
                0x000203b8                CChecksumCalculator::SetSourceAddress(CIPAddress const&)
                0x000203c8                CChecksumCalculator::SetDestinationAddress(CIPAddress const&)
                0x000203e8                CChecksumCalculator::CalculateChunk(void const*, unsigned int, unsigned int)
                0x00020480                CChecksumCalculator::Calculate(void const*, unsigned int)
                0x00020540                CChecksumCalculator::SimpleCalculate(void const*, unsigned int)
                0x000205b8                CChecksumCalculator::FoldResult(unsigned int)
 .text          0x000205e0     0x134c ../../circle/lib/net/libnet.a(dhcpclient.o)
                0x000205fc                CDHCPClient::CDHCPClient(CNetSubSystem*, char const*)
                0x000205fc                CDHCPClient::CDHCPClient(CNetSubSystem*, char const*)
                0x000206dc                CDHCPClient::IsBound() const
                0x000206e4                CDHCPClient::HaltNetwork()
                0x00020708                CDHCPClient::CheckConfig()
                0x0002086c                CDHCPClient::GetUnaligned(void const*)
                0x00020898                CDHCPClient::ScanOptions(unsigned char const*, unsigned int)
                0x00020ac0                CDHCPClient::GetXID() const
                0x00020b30                CDHCPClient::SetUnaligned(void*, unsigned int)
                0x00020b74                CDHCPClient::~CDHCPClient()
                0x00020b74                CDHCPClient::~CDHCPClient()
                0x00020bb0                CDHCPClient::~CDHCPClient()
                0x00020bd0                CDHCPClient::ReceiveMessage()
                0x00020d80                CDHCPClient::SendMessage(unsigned char const*, unsigned int)
                0x00020eb0                CDHCPClient::SendDiscover()
                0x00020ec8                CDHCPClient::SendRequest(unsigned int)
                0x00021000                CDHCPClient::SendAndReceive(bool, unsigned int)
                0x000211a0                CDHCPClient::SelectAndRequest()
                0x0002145c                CDHCPClient::RenewOrRebind(bool, unsigned int)
                0x0002179c                CDHCPClient::Run()
 .text          0x0002192c     0x101c ../../circle/lib/net/libnet.a(httpdaemon.o)
                0x0002198c                CHTTPDaemon::CHTTPDaemon(CNetSubSystem*, CSocket*, unsigned int, unsigned short, unsigned int)
                0x0002198c                CHTTPDaemon::CHTTPDaemon(CNetSubSystem*, CSocket*, unsigned int, unsigned short, unsigned int)
                0x00021a08                CHTTPDaemon::~CHTTPDaemon()
                0x00021a08                CHTTPDaemon::~CHTTPDaemon()
                0x00021a78                CHTTPDaemon::~CHTTPDaemon()
                0x00021a98                CHTTPDaemon::ParseMethod(char*)
                0x00021bf8                CHTTPDaemon::ParseHeaderField(char*)
                0x00021db4                CHTTPDaemon::ParseRequest()
                0x00022124                CHTTPDaemon::GetMultipartFormPart(char const**, unsigned char const**, unsigned int*)
                0x000222f0                CHTTPDaemon::Search(void const*, unsigned int, void const*, unsigned int)
                0x00022310                CHTTPDaemon::Worker()
                0x00022780                CHTTPDaemon::Listener()
                0x00022934                CHTTPDaemon::Run()
 .text          0x00022948      0xb90 ../../circle/lib/net/libnet.a(tftpdaemon.o)
                0x00022948                CTFTPDaemon::CTFTPDaemon(CNetSubSystem*)
                0x00022948                CTFTPDaemon::CTFTPDaemon(CNetSubSystem*)
                0x00022980                CTFTPDaemon::~CTFTPDaemon()
                0x00022980                CTFTPDaemon::~CTFTPDaemon()
                0x000229e8                CTFTPDaemon::~CTFTPDaemon()
                0x00022a08                CTFTPDaemon::SendError(unsigned short, char const*, CIPAddress*, unsigned short)
                0x00022d6c                CTFTPDaemon::DoRead(char const*)
                0x00023050                CTFTPDaemon::DoWrite(char const*)
                0x000230ec                CTFTPDaemon::Run()
 .text          0x000234d8      0x988 ../../circle/lib/net/libnet.a(socket.o)
                0x000234d8                CSocket::Connect(CIPAddress&, unsigned short)
                0x000235c0                CSocket::SendTo(void const*, unsigned int, int, CIPAddress&, unsigned short)
                0x000236a4                CSocket::~CSocket()
                0x000236a4                CSocket::~CSocket()
                0x00023768                CSocket::~CSocket()
                0x00023788                CSocket::Bind(unsigned short)
                0x000237e4                CSocket::Listen(unsigned int)
                0x000238c8                CSocket::Send(void const*, unsigned int, int)
                0x00023944                CSocket::Receive(void*, unsigned int, int)
                0x000239f4                CSocket::ReceiveFrom(void*, unsigned int, int, CIPAddress*, unsigned short*)
                0x00023ab8                CSocket::SetOptionBroadcast(bool)
                0x00023b0c                CSocket::GetForeignIP() const
                0x00023b4c                CSocket::CSocket(CNetSubSystem*, int)
                0x00023b4c                CSocket::CSocket(CNetSubSystem*, int)
                0x00023be8                CSocket::CSocket(CSocket&, int)
                0x00023be8                CSocket::CSocket(CSocket&, int)
                0x00023c8c                CSocket::Accept(CIPAddress*, unsigned short*)
 .text          0x00023e60      0x1e4 ../../circle/lib/net/libnet.a(netsocket.o)
                0x00023e60                CNetSocket::Connect(char const*, char const*)
                0x00023fcc                CNetSocket::CNetSocket(CNetSubSystem*)
                0x00023fcc                CNetSocket::CNetSocket(CNetSubSystem*)
                0x00024000                CNetSocket::~CNetSocket()
                0x00024000                CNetSocket::~CNetSocket()
                0x00024004                CNetSocket::~CNetSocket()
                0x0002401c                CNetSocket::GetNetSubSystem()
 .text._ZN10CNetSocket4BindEt
                0x00024044        0x8 ../../circle/lib/net/libnet.a(netsocket.o)
                0x00024044                CNetSocket::Bind(unsigned short)
 .text._ZN10CNetSocket6ListenEj
                0x0002404c        0x8 ../../circle/lib/net/libnet.a(netsocket.o)
                0x0002404c                CNetSocket::Listen(unsigned int)
 .text._ZN10CNetSocket6AcceptEP10CIPAddressPt
                0x00024054        0x8 ../../circle/lib/net/libnet.a(netsocket.o)
                0x00024054                CNetSocket::Accept(CIPAddress*, unsigned short*)
 .text._ZN10CNetSocket6SendToEPKvjiR10CIPAddresst
                0x0002405c        0x8 ../../circle/lib/net/libnet.a(netsocket.o)
                0x0002405c                CNetSocket::SendTo(void const*, unsigned int, int, CIPAddress&, unsigned short)
 .text._ZN10CNetSocket11ReceiveFromEPvjiP10CIPAddressPt
                0x00024064        0x8 ../../circle/lib/net/libnet.a(netsocket.o)
                0x00024064                CNetSocket::ReceiveFrom(void*, unsigned int, int, CIPAddress*, unsigned short*)
 .text._ZN10CNetSocket18SetOptionBroadcastEb
                0x0002406c        0x8 ../../circle/lib/net/libnet.a(netsocket.o)
                0x0002406c                CNetSocket::SetOptionBroadcast(bool)
 .text          0x00024074      0x558 ../../circle/lib/net/libnet.a(dnsclient.o)
                0x00024074                CDNSClient::CDNSClient(CNetSubSystem*)
                0x00024074                CDNSClient::CDNSClient(CNetSubSystem*)
                0x0002409c                CDNSClient::~CDNSClient()
                0x0002409c                CDNSClient::~CDNSClient()
                0x000240a0                CDNSClient::ConvertIPString(char const*, CIPAddress*)
                0x000241b8                CDNSClient::Resolve(char const*, CIPAddress*)
 .text          0x000245cc      0x260 ../../circle/lib/sched/libsched.a(task.o)
                0x000245cc                CTask::Run()
                0x000245e8                CTask::TaskEntry(void*)
                0x00024648                CTask::~CTask()
                0x00024648                CTask::~CTask()
                0x000246b0                CTask::~CTask()
                0x000246d0                CTask::Terminate()
                0x00024708                CTask::WaitForTermination()
                0x00024710                CTask::SetUserData(void*)
                0x00024718                CTask::GetUserData()
                0x00024720                CTask::InitializeRegs()
                0x00024788                CTask::CTask(unsigned int)
                0x00024788                CTask::CTask(unsigned int)
 .text          0x0002482c      0x638 ../../circle/lib/sched/libsched.a(scheduler.o)
                0x0002482c                CScheduler::CScheduler()
                0x0002482c                CScheduler::CScheduler()
                0x0002489c                CScheduler::~CScheduler()